// Jest Snapshot v1, https://goo.gl/fbAQLP

exports[`should render correctly 1`] = `
<View
  style={
    Array [
      Object {
        "backgroundColor": "#FFFFFF",
        "display": "flex",
        "minHeight": "auto",
        "minWidth": "auto",
      },
      Array [
        Object {
          "borderRadius": 16,
        },
      ],
    ]
  }
  testID="pressable-box"
>
  <View
    accessible={true}
    collapsable={false}
    focusable={true}
    onBlur={[Function]}
    onClick={[Function]}
    onFocus={[Function]}
    onResponderGrant={[Function]}
    onResponderMove={[Function]}
    onResponderRelease={[Function]}
    onResponderTerminate={[Function]}
    onResponderTerminationRequest={[Function]}
    onStartShouldSetResponder={[Function]}
    style={
      Array [
        Object {
          "elevation": 3,
        },
        Object {
          "backgroundColor": "#FFFFFF",
          "borderRadius": 16,
          "minHeight": "auto",
          "minWidth": "auto",
          "padding": 0,
          "shadowColor": "#a9a9b8",
          "shadowOffset": Object {
            "height": 16,
            "width": 0,
          },
          "shadowOpacity": 0.3,
          "shadowRadius": 8,
          "width": "100%",
        },
        Object {
          "alignItems": undefined,
          "flexDirection": undefined,
          "justifyContent": undefined,
          "padding": undefined,
          "paddingBottom": undefined,
          "paddingLeft": undefined,
          "paddingRight": undefined,
          "paddingTop": undefined,
        },
        Object {
          "0": Object {},
        },
      ]
    }
    testID="pressable"
  >
    <Text
      style={
        Array [
          Object {
            "display": "flex",
            "fontFamily": "\\"Inter\\", sans-serif",
            "fontWeight": "400",
          },
          Array [
            Object {},
          ],
        ]
      }
    >
      Label Pressable
    </Text>
  </View>
</View>
`;
